// Jest Snapshot v1, https://goo.gl/fbAQLP

exports[`search input renders correctly 1`] = `
<div
  className="makeStyles-root-1"
>
  <div
    className="MuiInputBase-root MuiInput-root MuiInput-underline makeStyles-input-2"
    onClick={[Function]}
    onInput={[Function]}
  >
    <input
      className="MuiInputBase-input MuiInput-input"
      onAnimationStart={[Function]}
      onBlur={[Function]}
      onChange={[Function]}
      onFocus={[Function]}
      placeholder="Поиск"
      type="text"
      value=""
    />
  </div>
  <button
    className="MuiButtonBase-root MuiButton-root MuiButton-contained MuiButton-containedPrimary"
    disabled={false}
    onBlur={[Function]}
    onClick={[Function]}
    onDragLeave={[Function]}
    onFocus={[Function]}
    onKeyDown={[Function]}
    onKeyUp={[Function]}
    onMouseDown={[Function]}
    onMouseLeave={[Function]}
    onMouseUp={[Function]}
    onTouchEnd={[Function]}
    onTouchMove={[Function]}
    onTouchStart={[Function]}
    tabIndex={0}
    type="button"
  >
    <span
      className="MuiButton-label"
    >
      Искать
    </span>
    <span
      className="MuiTouchRipple-root"
    />
  </button>
</div>
`;
